<!-- polyglot alternate links -->
<link rel="alternate" hreflang="de" href="http://example.com/de/">
<link rel="alternate" hreflang="x-default" href="http://example.com/">
<link rel="alternate" hreflang="en" href="http://example.com/">
