<h1>Polyglot 1.0beta2</h1>
<div class="polyglot_syscheck">
  <h2>System check</h2>
  <p class="xh_fail">Checking that PHP version ≥ 7.0.0 … failure</p>
  <p class="xh_fail">Checking that CMSimple_XH version ≥ 1.7.0 … failure</p>
  <p class="xh_warning">Checking that './plugins/polyglot//css/' is writable … warning</p>
  <p class="xh_warning">Checking that './plugins/polyglot//cache/' is writable … warning</p>
  <p class="xh_warning">Checking that './plugins/polyglot//config/' is writable … warning</p>
  <p class="xh_warning">Checking that './plugins/polyglot//languages/' is writable … warning</p>
</div>
