<!-- polyglot languagemenu -->
<a href="/de/">
  <img src="de.gif" alt="deutsche Website" title="deutsche Website"/>
</a>
<a href="/fr/">
  <img src="fr.gif" alt="fr" title="fr"/>
</a>
<a href="/it/">
  <img src="it.gif" alt="it" title="it"/>
</a>
