<!-- polyglot languagemenu -->
<a href="/de/">
  <img src="./userfiles/images/flags/de.gif" alt="deutsche Website" title="deutsche Website"/>
</a>
<a href="/fr/">
  <img src="./userfiles/images/flags/fr.gif" alt="fr" title="fr"/>
</a>
<a href="/it/">
  <img src="./userfiles/images/flags/it.gif" alt="it" title="it"/>
</a>
