<h1>Polyglot – Translations</h1>
<div class="polyglot_translations">
  <table>
    <thead>
      <tr>
        <th>Page</th>
        <th>Tag</th>
        <th>de</th>
        <th>fr</th>
      </tr>
    </thead>
    <tbody>
      <tr>
        <td>
          <a href="/?foo&amp;edit" style="padding-left: 0em">Foo</a>
        </td>
        <td>foo</td>
        <td>
          <a href="/?foo-de&amp;edit">✓</a>
        </td>
        <td>
        </td>
      </tr>
      <tr>
        <td>
          <a href="/?bar&amp;edit" style="padding-left: 1em">Bar</a>
        </td>
        <td>bar</td>
        <td>
        </td>
        <td>
          <a href="/?bar-fr&amp;edit">✓</a>
        </td>
      </tr>
    </tbody>
  </table>
</div>
