<!-- polyglot page data tab -->
<form id="polyglot_pagedata" action="/?foo" method="post" onsubmit="return true">
  <p>
    <label>
      <div>Tag</div>
      <input type="text" name="polyglot_tag" value="foo"/>
    </label>
  </p>
  <div style="text-align:right">
    <input type="submit" name="save_page_data" value="Save"/>
  </div>
</form>
