<!-- polyglot plugin info -->
<h1>Polyglot 1.0</h1>
<div class="polyglot_syscheck">
  <h2>System check</h2>
  <p class="xh_fail">PHP version ≥ 7.1.0: failure</p>
  <p class="xh_fail">CMSimple_XH version ≥ 1.7.0: failure</p>
  <p class="xh_warning">./plugins/polyglot/css/ is writable: warning</p>
  <p class="xh_warning">./plugins/polyglot/cache/ is writable: warning</p>
  <p class="xh_warning">./plugins/polyglot/config/ is writable: warning</p>
  <p class="xh_warning">./plugins/polyglot/languages/ is writable: warning</p>
</div>
